// Jest Snapshot v1, https://goo.gl/fbAQLP

exports[`view Reviews component Should render 1`] = `
<div
  className="container"
>
  <div
    className="image"
  >
    <Gravatar
      className="img rounded"
      default="retro"
      email="test@test.com"
      protocol="//"
      rating="g"
      size={50}
    />
  </div>
  <p>
     
    good stuff
     
  </p>
  <h5>
     
    <em>
       
      test
    </em>
     
  </h5>
  <hr />
</div>
`;
